2025-02-18 13:00 [START] Logging Started.
2025-02-18 13:00 [START] Testing Logger
2025-02-18 13:01 [INFO] This is a test message
2025-02-18 13:01 [ERROR] Something went wrong
2025-02-18 13:01 [STOP] Logging Stopped.
